
 Primary working directories    : /scratch/kaeser/molprojob_37793715/molpro.YYEo9jZaZx
 Secondary working directories  : /scratch/kaeser/molprojob_37793715/molpro.YYEo9jZaZx
 Wavefunction directory         : /scratch/kaeser/molprojob_37793715/
 Main file repository           : /scratch/kaeser/molprojob_37793715/molpro.YYEo9jZaZx/

 id        : meuwlygroup

 Nodes         nprocs
 node27.cluster    4

 Using customized tuning parameters: mindgm=1; mindgv=20; mindgc=4; mindgr=1; noblas=0; minvec=7
 default implementation of scratch files=sf  


 Variables initialized (930), CPU time= 0.01 sec
                                                                                 !CCSD(T)/aug-cc-pVTZ
 memory,3,G
 symmetry,nosym
 wf,charge=0,spin=0
 basis=AVTZ
 geometry={
  C  -2.3766551484470946 -0.0678381910616484 0.17960864463541187
  H  -3.457735095298111 -0.21017512529145468 0.2670275974310549
  O  -1.9959274457303489 0.01944510452737435 -1.077019962341495
  O  -1.6502263464178564 -0.0036985680398888363 1.1602169941079452
  H  -1.0094029652099556 0.14815594308411212 -1.1179699465594986
  C  1.3803103724637484 0.42879500838987783 -0.189660447902741
  H  2.4613903040254947 0.5711319290389765 -0.2770795769910371
  O  0.9995828626242141 0.3415117131950055 1.0669682135352252
  O  0.6538816653896494 0.364655455084132 -1.1702686641023703
  H  0.013058408589664686 0.21280092300345604 1.107918251488019
 }
 
                                                                                 !perform calculations
 hf
 CCSD(T)
 optg
 
 Commands  initialized (760), CPU time= 0.01 sec, 617 directives.
 Default parameters read. Elapsed time= 0.07 sec

 Checking input...
 Passed
1


                                         ***  PROGRAM SYSTEM MOLPRO  ***
                                       Copyright, TTI GmbH Stuttgart, 2015
                                    Version 2019.1 linked Jan 14 2019 13:09:19


 **********************************************************************************************************************************
 LABEL *                                                                                 
  64 bit mpp version                                                                     DATE: 21-May-21          TIME: 12:18:44  
 **********************************************************************************************************************************

 SHA1:             d688ac825633d238f2093ded1675ba87ccd55965
 **********************************************************************************************************************************

 Variable memory set to 3000000000 words,  buffer space 

 SETTING BASIS          =    AVTZ
 ZSYMEL=NOSYM


Geometry recognized as XYZ



 Recomputing integrals since basis changed


 Using spherical harmonics

 Library entry C      S aug-cc-pVTZ          selected for orbital group  1
 Library entry C      P aug-cc-pVTZ          selected for orbital group  1
 Library entry C      D aug-cc-pVTZ          selected for orbital group  1
 Library entry C      F aug-cc-pVTZ          selected for orbital group  1
 Library entry H      S aug-cc-pVTZ          selected for orbital group  2
 Library entry H      P aug-cc-pVTZ          selected for orbital group  2
 Library entry H      D aug-cc-pVTZ          selected for orbital group  2
 Library entry O      S aug-cc-pVTZ          selected for orbital group  3
 Library entry O      P aug-cc-pVTZ          selected for orbital group  3
 Library entry O      D aug-cc-pVTZ          selected for orbital group  3
 Library entry O      F aug-cc-pVTZ          selected for orbital group  3


 PROGRAM * SEWARD (Integral evaluation for generally contracted gaussian basis sets)     Author: Roland Lindh, 1990

 Geometry written to block  1 of record 700


 Point group  C1  



 ATOMIC COORDINATES

 NR  ATOM    CHARGE       X              Y              Z

   1  C       6.00   -4.491227323   -0.128195602    0.339411148
   2  H       1.00   -6.534172341   -0.397173425    0.504609027
   3  O       8.00   -3.771756237    0.036745922   -2.035272760
   4  O       8.00   -3.118475838   -0.006989281    2.192492364
   5  H       1.00   -1.907495154    0.279974156   -2.112657014
   6  C       6.00    2.608408571    0.810305129   -0.358406303
   7  H       1.00    4.651353560    1.079282927   -0.523604515
   8  O       8.00    1.888937849    0.645363606    2.016277707
   9  O       8.00    1.235657265    0.689098940   -2.211487267
  10  H       1.00    0.024676816    0.402135464    2.093662064

 Bond lengths in Bohr (Angstrom)

 1-2  2.067187402  1-3  2.486758535  1-4  2.309339214  3-5  1.881652913  6-7  2.067187397
     ( 1.093908464)     ( 1.315935946)     ( 1.222049684)     ( 0.995727840)     ( 1.093908461)

  6- 8  2.486758528   6- 9  2.309338898   8-10  1.881652855
       ( 1.315935942)       ( 1.222049517)       ( 0.995727810)

 Bond angles

  1-3-5  109.54168948   2-1-3  111.76934750   2-1-4  122.01676352   3-1-4  126.21388898

  6- 8-10  109.54168389   7- 6- 8  111.76934808   7- 6- 9  122.01675406   8- 6- 9  126.21389786

 NUCLEAR CHARGE:                   48
 NUMBER OF PRIMITIVE AOS:         510
 NUMBER OF SYMMETRY AOS:          448
 NUMBER OF CONTRACTIONS:          368   (  368A   )
 NUMBER OF CORE ORBITALS:           6   (    6A   )
 NUMBER OF VALENCE ORBITALS:       28   (   28A   )


 NUCLEAR REPULSION ENERGY  235.53905393


 Eigenvalues of metric

         1 0.341E-04 0.373E-04 0.557E-04 0.627E-04 0.145E-03 0.169E-03 0.226E-03 0.231E-03


 Contracted 2-electron integrals neglected if value below      1.0D-12
 AO integral compression algorithm  1   Integral accuracy      1.0D-12

     9577.955 MB (compressed) written to integral file ( 47.1%)

     Node minimum: 2342.781 MB, node maximum: 2474.902 MB


 NUMBER OF SORTED TWO-ELECTRON INTEGRALS:  576267300.     BUFFER LENGTH:  32768
 NUMBER OF SEGMENTS:  19  SEGMENT LENGTH:   31999984      RECORD LENGTH: 524288

 Memory used in sort:      32.56 MW

 SORT1 READ  2539895038. AND WROTE   531809344. INTEGRALS IN   1530 RECORDS. CPU TIME:   116.39 SEC, REAL TIME:   145.19 SEC
 SORT2 READ  2128325072. AND WROTE  2304967356. INTEGRALS IN  37764 RECORDS. CPU TIME:    13.14 SEC, REAL TIME:    55.34 SEC

 Node minimum:   576216378.  Node maximum:   576267300. integrals

 OPERATOR DM      FOR CENTER  0  COORDINATES:    0.000000    0.000000    0.000000


 **********************************************************************************************************************************
 DATASETS  * FILE   NREC   LENGTH (MB)   RECORD NAMES
              1      18       35.11       500      610      700      900      950      970     1000      129      960     1100   
                                          VAR    BASINP    GEOM    SYMINP    ZMAT    AOBASIS   BASIS     P2S    ABASIS      S 
                                         1400     1410     1200     1210     1080     1600     1650     1700   
                                           T        V       H0       H01     AOSYM     SMH    MOLCAS    OPER   

 PROGRAMS   *        TOTAL       INT
 CPU TIMES  *       156.17    156.04
 REAL TIME  *       231.21 SEC
 DISK USED  *        35.64 MB (local),       35.11 GB (total)
 GA USED    *         0.00 MB       (max)       0.00 MB       (current)
 **********************************************************************************************************************************


 PROGRAM * RHF-SCF (CLOSED SHELL)       Authors: W. Meyer, H.-J. Werner


 NUMBER OF ELECTRONS:      24+   24-    SPACE SYMMETRY=1    SPIN SYMMETRY: Singlet 
 CONVERGENCE THRESHOLDS:    1.00E-06 (Density)    1.00E-07 (Energy)
 MAX. NUMBER OF ITERATIONS:       60
 INTERPOLATION TYPE:            DIIS
 INTERPOLATION STEPS:              2 (START)      1 (STEP)
 LEVEL SHIFTS:                  0.00 (CLOSED)  0.00 (OPEN) 



 Orbital guess generated from atomic densities. Full valence occupancy:   34

 Molecular orbital dump at record        2100.2

 Initial occupancy:  24

 ITERATION    DDIFF          GRAD             ENERGY        2-EL.EN.            DIPOLE MOMENTS         DIIS   ORB.
    1      0.000D+00      0.000D+00      -377.56687109    747.048720   -0.00000   -0.00000   -0.00000    0    start
    2      0.000D+00      0.462D-02      -377.65475303    743.952230   -0.00000   -0.00000   -0.00000    1    diag
    3      0.526D-02      0.302D-02      -377.70444289    746.307734   -0.00000   -0.00000   -0.00000    2    diag
    4      0.206D-02      0.406D-03      -377.70602477    745.952140   -0.00000   -0.00000   -0.00000    3    diag
    5      0.426D-03      0.179D-03      -377.70630959    745.992643   -0.00000   -0.00000   -0.00000    4    diag
    6      0.165D-03      0.515D-04      -377.70635698    746.038400   -0.00000   -0.00000   -0.00000    5    diag
    7      0.617D-04      0.221D-04      -377.70636794    746.019442   -0.00000   -0.00000   -0.00000    6    diag
    8      0.334D-04      0.722D-05      -377.70636932    746.025714   -0.00000   -0.00000   -0.00000    7    diag
    9      0.129D-04      0.235D-05      -377.70636945    746.024323   -0.00000   -0.00000   -0.00000    8    diag
   10      0.401D-05      0.688D-06      -377.70636946    746.024498   -0.00000   -0.00000   -0.00000    9    orth
   11      0.134D-05      0.207D-06      -377.70636946    746.024468   -0.00000   -0.00000   -0.00000    9    diag
   12      0.364D-06      0.429D-07      -377.70636946    746.024490   -0.00000   -0.00000   -0.00000    0    orth

 Final occupancy:  24

 !RHF STATE  1.1 Energy              -377.706369460574
 Nuclear energy                       235.53905393
 One-electron energy                 -986.25766820
 Two-electron energy                  373.01224482
 Virial quotient                       -1.00182831
 !RHF STATE  1.1 Dipole moment         -0.00000020    -0.00000004    -0.00000036
 Dipole moment /Debye                  -0.00000050    -0.00000010    -0.00000091

 Orbital energies:

         1.1          2.1          3.1          4.1          5.1          6.1          7.1          8.1          9.1         10.1
    -20.617652   -20.617651   -20.577259   -20.577258   -11.409122   -11.409121    -1.485570    -1.472802    -1.387565    -1.373551

        11.1         12.1         13.1         14.1         15.1         16.1         17.1         18.1         19.1         20.1
     -0.919628    -0.883952    -0.769506    -0.733730    -0.724961    -0.695854    -0.645517    -0.635136    -0.621910    -0.581369

        21.1         22.1         23.1         24.1         25.1         26.1
     -0.507394    -0.498468    -0.495791    -0.475822     0.029625     0.033632


 HOMO     24.1    -0.475822 =     -12.9478eV
 LUMO     25.1     0.029625 =       0.8061eV
 LUMO-HOMO         0.505446 =      13.7539eV


 **********************************************************************************************************************************
 DATASETS  * FILE   NREC   LENGTH (MB)   RECORD NAMES
              1      18       35.11       500      610      700      900      950      970     1000      129      960     1100   
                                          VAR    BASINP    GEOM    SYMINP    ZMAT    AOBASIS   BASIS     P2S    ABASIS      S 
                                         1400     1410     1200     1210     1080     1600     1650     1700   
                                           T        V       H0       H01     AOSYM     SMH    MOLCAS    OPER   

              2       4        5.67       700     1000      520     2100   
                                         GEOM     BASIS   MCVARS     RHF  

 PROGRAMS   *        TOTAL    HF-SCF       INT
 CPU TIMES  *       244.29     88.12    156.04
 REAL TIME  *       324.72 SEC
 DISK USED  *        50.65 MB (local),       35.17 GB (total)
 SF USED    *         0.54 MB
 GA USED    *         0.00 MB       (max)       0.00 MB       (current)
 **********************************************************************************************************************************


 PROGRAM * CCSD (Closed-shell coupled cluster)     Authors: C. Hampel, H.-J. Werner, 1991, M. Deegan, P.J. Knowles, 1992


 Convergence thresholds:  THRVAR = 1.00D-12  THRDEN = 1.00D-08

 CCSD(T)     terms to be evaluated (factor= 1.000)


 Using ITF CCSD(T) gradient implementation

 Number of core orbitals:           6 (   6 )
 Number of closed-shell orbitals:  18 (  18 )
 Number of external orbitals:     344 ( 344 )

 Molecular orbitals read from record     2100.2  Type=RHF/CANONICAL (state 1.1)

 Integral transformation finished. Total CPU: 135.46 sec, npass=  1  Memory used: 515.34 MW
 Time for re-packing tensors:             4.46 sec
  Reference energy:                  -377.706369460567

  MP2 correlation energy:              -1.293840494644
  MP2 total energy:                  -379.000209955211

 ITER.      SQ.NORM     CORR.ENERGY   TOTAL ENERGY   ENERGY CHANGE        DEN1      VAR(S)    VAR(P)  DIIS     TIME
   1      1.31639866    -1.29954711  -379.00591657    -0.00570662     0.03291232  1.15e-02  6.76e-03  1  1   136.01
   2      1.34347240    -1.29872222  -379.00509168     0.00082489    -0.03326890  1.90e-04  1.29e-03  2  2   275.56
   3      1.35055790    -1.29856765  -379.00493711     0.00015457    -0.00046949  6.09e-05  1.21e-04  3  3   411.27
   4      1.35620099    -1.29848530  -379.00485476     0.00008235    -0.00284679  2.07e-06  2.12e-05  4  4   547.88
   5      1.35820663    -1.29832410  -379.00469356     0.00016120    -0.00061225  1.55e-07  2.03e-06  5  5   683.48
   6      1.35880189    -1.29828524  -379.00465470     0.00003886    -0.00013864  6.15e-09  1.11e-07  6  0   811.83
   7      1.35887222    -1.29827840  -379.00464786     0.00000684    -0.00001418  7.66e-10  9.64e-09  6  1   948.28
   8      1.35887770    -1.29827807  -379.00464753     0.00000033     0.00000030  5.31e-11  8.36e-10  6  2  1089.42
   9      1.35887895    -1.29827804  -379.00464750     0.00000003    -0.00000008  3.07e-12  8.78e-11  6  3  1230.46
  10      1.35887851    -1.29827805  -379.00464751    -0.00000001     0.00000010  1.74e-13  7.59e-12  6  4  1370.95
  11      1.35887861    -1.29827805  -379.00464751    -0.00000000     0.00000001  3.48e-14  8.80e-13        1506.60

 Norm of t1 vector:      0.14565758     S-energy:     -0.00000012   T1 diagnostic:  0.01716591

 Time per iteration:                    136.97 sec

 RESULTS
 =======

  Reference energy:                  -377.706369460567
  CCSD correlation energy:             -1.298278047917
  CCSD total energy:                 -379.004647508485

  Triples (T) contribution:            -0.057635039630
  Total correlation energy:            -1.355913087548
  CCSD[T] total energy:              -379.065813219993
 !CCSD(T) total energy:              -379.062282548115

 Starting CP-CCSD(T) iterations.   Author: W. Gyorffy (2015)

         ITER.       NRM1          NRM2     VAR1+VAR2       CPU  DIIS
 iter.     1     0.00941209     1.48000718 3.76606898e-02    176.70  1  1
 iter.     2     0.01337700     1.41978160 2.45179210e-03    355.03  2  2
 iter.     3     0.01287694     1.43593943 7.71852142e-05    530.76  3  3
 iter.     4     0.01333149     1.43602981 1.29212842e-05    705.72  4  4
 iter.     5     0.01361586     1.43685440 2.10713430e-06    882.61  5  5
 iter.     6     0.01378684     1.43716878 2.80669330e-07   1064.04  6  0
 iter.     7     0.01385853     1.43732169 4.27440998e-08   1246.33  6  1
 iter.     8     0.01387949     1.43738044 7.93739512e-09   1425.93  6  2
 iter.     9     0.01388845     1.43741085 1.19543429e-09   1600.60  6  3
 iter.    10     0.01388924     1.43741460 2.70333479e-10   1783.59  6  4
 iter.    11     0.01388897     1.43741569 4.20278578e-11   1964.57  6  5
 iter.    12     0.01388888     1.43741538 5.50448795e-12   2140.40  6  0
 iter.    13     0.01388871     1.43741505 7.60781372e-13   2320.86


 Time per iteration:                    178.53 sec


 Starting Coupled-perturbed Hartree-Fock, convergence threshold= 1.0D-06

 ITER   MIC  DIIS      VAR         VARC       CPU
   1     0     1    0.11D-01    0.26D-02     6.92
   2     4     2    0.40D-03    0.14D-03    14.14
   3     4     3    0.11D-04    0.28D-05    21.20
   4     4     4    0.10D-05    0.16D-06    28.27
   5     1     5    0.14D-06    0.64D-08    35.23

 CPHF convergence reached in  5 macroiterations and   13 microiterations.   Accuracy: 1.3674D-07

 CPHF solution written to record  8500.2

 Dipole moments (unrelaxed):           -0.00000011    -0.00000002    -0.00000029
 Orbital relaxation contribution:      -0.00000001    -0.00000000    -0.00000000
 !CCSD(T) STATE  1.1 Dipole moment     -0.00000011    -0.00000002    -0.00000030
 Dipole moment /Debye                  -0.00000029    -0.00000006    -0.00000075

 CPU-time for coupled-perturbed hartree-fock:         35.24 sec

 Number of N-1 electron functions:              18
 Number of N-2 electron functions:             171
 Number of singly external CSFs:              6192
 Number of doubly external CSFs:          19173528
 Total number of CSFs:                    19179721

 CCSD(T) Gradient info saved on record        55555.1




 **********************************************************************************************************************************
 DATASETS  * FILE   NREC   LENGTH (MB)   RECORD NAMES
              1      20     5341.35       500      610      700      900      950      970     1000      129      960     1100   
                                          VAR    BASINP    GEOM    SYMINP    ZMAT    AOBASIS   BASIS     P2S    ABASIS      S 
                                         1400     1410     1200     1210     1080     1600     1650     1700     1380    55555   
                                           T        V       H0       H01     AOSYM     SMH    MOLCAS    OPER     JKOP    CCSD(T)    

              2       6     2950.02       700     1000      520     2100     3791     8500   
                                         GEOM     BASIS   MCVARS     RHF              CPHF   

 PROGRAMS   *        TOTAL   CCSD(T)    HF-SCF       INT
 CPU TIMES  *     54963.99  54719.57     88.12    156.04
 REAL TIME  *     55607.25 SEC
 DISK USED  *         8.29 GB (local),       68.13 GB (total)
 SF USED    *        63.80 GB
 GA USED    *         0.00 MB       (max)       0.00 MB       (current)
 **********************************************************************************************************************************


 PROGRAM * OPT (Geometry optimization)     Authors: F. Eckert and H.-J. Werner


 BFGS update of hessian

 *** Long output written to logfile /scratch/kaeser/molprojob_37793715/opt_fad_ccsdt.log ***


 Geometry optimization using default procedure for command CCSD(T)

 Geometry written to block  1 of record 700

 Making model hessian for cartesian coordinates

 Entering Rational Function Geometry Optimization

 ITER.   ENERGY(OLD)    ENERGY(NEW)      DE          GRADMAX     GRADNORM    GRADRMS     STEPMAX     STEPLEN     STEPRMS   CPU-time
   1  -379.06228255  -379.06228254     0.00000001  0.00005353  0.00007786  0.00000324  0.00018330  0.00023908  0.00007560  60345.81

 END OF GEOMETRY OPTIMIZATION.

 Current geometry (xyz format, in Angstrom)

   10
 CCSD(T)/AVTZ  ENERGY=-379.06228254
 C         -2.3766677625       -0.0678406157        0.1796348625
 H         -3.4577484805       -0.2101764955        0.2670159022
 O         -1.9959130385        0.0194466748       -1.0770103268
 O         -1.6502796216       -0.0037072011        1.1602745512
 H         -1.0094002710        0.1481568016       -1.1179869647
 C          1.3803230492        0.4287974429       -0.1896866613
 H          2.4614037707        0.5711333101       -0.2770677537
 O          0.9995684064        0.3415101401        1.0669585611
 O          0.6539349092        0.3646640837       -1.1703263033
 H          0.0130556506        0.2128000511        1.1079352361

 **********************************************************************************************************************************

 Geometry written to block  1 of record 700


 **********************************************************************************************************************************
 DATASETS  * FILE   NREC   LENGTH (MB)   RECORD NAMES
              1      20     5341.35       500      610      700      900      950      970     1000      129      960     1100   
                                          VAR    BASINP    GEOM    SYMINP    ZMAT    AOBASIS   BASIS     P2S    ABASIS      S 
                                         1400     1410     1200     1210     1080     1600     1650     1700     1380    55555   
                                           T        V       H0       H01     AOSYM     SMH    MOLCAS    OPER     JKOP    CCSD(T)    

              2       8     9658.94       700     1000      520     2100     3791     8500     9001     9876   
                                         GEOM     BASIS   MCVARS     RHF              CPHF    DEN_MP2   TGRAD   

 PROGRAMS   *        TOTAL      OPTG   CCSD(T)    HF-SCF       INT
 CPU TIMES  *    115309.80  60345.81  54719.57     88.12    156.04
 REAL TIME  *    185911.40 SEC
 DISK USED  *        15.00 GB (local),       95.14 GB (total)
 SF USED    *       146.72 GB
 GA USED    *         0.00 MB       (max)       0.00 MB       (current)
 **********************************************************************************************************************************
 Molecular orbitals read from record     2100.2  Type=RHF/CANONICAL (state 1.1)
 Occupation numbers read from record     2100.2  Type=RHF/RHF (state 1.1)
 Orbital energies read from record       2100.2  Type=RHF/CANONICAL (state 1.1)
 Redundancy group numbers read from rec  2100.2  Type=RHF/RHF (state 1.1)

 CCSD(T)/aug-cc-pVTZ//CCSD(T)/aug-cc-pVTZ energy=   -379.062282538746

   OPTG(CCSD(T))         CCSD(T)          HF-SCF
   -379.06228254   -379.06228255   -377.70636946
 **********************************************************************************************************************************
 Molpro calculation terminated
