
 Primary working directories    : /scratch/kaeser/molprojob_37803985/molpro.6DcXy3IL1z
 Secondary working directories  : /scratch/kaeser/molprojob_37803985/molpro.6DcXy3IL1z
 Wavefunction directory         : /scratch/kaeser/molprojob_37803985/
 Main file repository           : /scratch/kaeser/molprojob_37803985/molpro.6DcXy3IL1z/

 id        : meuwlygroup

 Nodes         nprocs
 node32.cluster    4

 Using customized tuning parameters: mindgm=1; mindgv=20; mindgc=4; mindgr=1; noblas=0; minvec=7
 default implementation of scratch files=sf  


 Variables initialized (930), CPU time= 0.01 sec
                                                                                 !CCSD(T)/aug-cc-pVTZ
 memory,3,G
 symmetry,nosym
 wf,charge=0,spin=0
 basis=AVTZ
 geometry={
  C  -1.9597731213679335 -0.03131041116199223 0.16028455201784264
  H  -3.037609789650211 -0.17718954309641047 0.27076481126823526
  O  -1.5194582230562934 0.06839602154124895 -1.0203085333284514
  O  -1.2826524819778886 0.020221761448303864 1.2263382163118677
  H  -0.3287450151198705 0.22840673482970708 -1.1099276875690849
  C  1.532325561161453 0.44132560781000996 -0.19766229820673298
  H  2.6101622659750685 0.5872047832820906 -0.30814257289930663
  O  1.0920106050420109 0.34161911961476393 0.9829307443301689
  O  0.855204885674872 0.3897934519131607 -1.2637159371298134
  H  -0.09870247337124563 0.18160845583547475 1.0725498318171802
 }
 
                                                                                 !perform calculations
 hf
 CCSD(T)
 optg, root=2
 
 Commands  initialized (760), CPU time= 0.02 sec, 617 directives.
 Default parameters read. Elapsed time= 0.44 sec

 Checking input...
 Passed
1


                                         ***  PROGRAM SYSTEM MOLPRO  ***
                                       Copyright, TTI GmbH Stuttgart, 2015
                                    Version 2019.1 linked Jan 14 2019 13:09:19


 **********************************************************************************************************************************
 LABEL *                                                                                 
  64 bit mpp version                                                                     DATE: 03-Jun-21          TIME: 10:10:09  
 **********************************************************************************************************************************

 SHA1:             d688ac825633d238f2093ded1675ba87ccd55965
 **********************************************************************************************************************************

 Variable memory set to 3000000000 words,  buffer space 

 SETTING BASIS          =    AVTZ
 ZSYMEL=NOSYM


Geometry recognized as XYZ



 Recomputing integrals since basis changed


 Using spherical harmonics

 Library entry C      S aug-cc-pVTZ          selected for orbital group  1
 Library entry C      P aug-cc-pVTZ          selected for orbital group  1
 Library entry C      D aug-cc-pVTZ          selected for orbital group  1
 Library entry C      F aug-cc-pVTZ          selected for orbital group  1
 Library entry H      S aug-cc-pVTZ          selected for orbital group  2
 Library entry H      P aug-cc-pVTZ          selected for orbital group  2
 Library entry H      D aug-cc-pVTZ          selected for orbital group  2
 Library entry O      S aug-cc-pVTZ          selected for orbital group  3
 Library entry O      P aug-cc-pVTZ          selected for orbital group  3
 Library entry O      D aug-cc-pVTZ          selected for orbital group  3
 Library entry O      F aug-cc-pVTZ          selected for orbital group  3


 PROGRAM * SEWARD (Integral evaluation for generally contracted gaussian basis sets)     Author: Roland Lindh, 1990

 Geometry written to block  1 of record 700


 Point group  C1  



 ATOMIC COORDINATES

 NR  ATOM    CHARGE       X              Y              Z

   1  C       6.00   -3.703434466   -0.059168102    0.302893905
   2  H       1.00   -5.740250576   -0.334839709    0.511671337
   3  O       8.00   -2.871359899    0.129249749   -1.928103691
   4  O       8.00   -2.423861904    0.038213591    2.317443365
   5  H       1.00   -0.621238043    0.431626174   -2.097459348
   6  C       6.00    2.895675644    0.833984531   -0.373527609
   7  H       1.00    4.932491823    1.109656219   -0.582305070
   8  O       8.00    2.063600969    0.645566575    1.857469906
   9  O       8.00    1.616103014    0.736602869   -2.388077020
  10  H       1.00   -0.186520642    0.343190243    2.026825437

 Bond lengths in Bohr (Angstrom)

  1- 2  2.065962903   1- 3  2.388555974   1- 4  2.388555769   3- 5  2.276655707   4-10  2.276656640
       ( 1.093260487)       ( 1.263969389)       ( 1.263969280)       ( 1.204754317)       ( 1.204754811)

  5- 9  2.276656413   6- 7  2.065962985   6- 8  2.388555945   6- 9  2.388555763   8-10  2.276655443
       ( 1.204754691)       ( 1.093260530)       ( 1.263969373)       ( 1.263969277)       ( 1.204754178)

 Bond angles

  1- 3- 5  115.10363015   1- 4-10  115.10363419   2- 1- 3  116.63849265   2- 1- 4  116.63850331

  3- 1- 4  126.72300405   3- 5- 9  176.93027406   4-10- 8  176.93026565   5- 9- 6  115.10364175

  6- 8-10  115.10363080   7- 6- 8  116.63849670   7- 6- 9  116.63850454   8- 6- 9  126.72299877

 NUCLEAR CHARGE:                   48
 NUMBER OF PRIMITIVE AOS:         510
 NUMBER OF SYMMETRY AOS:          448
 NUMBER OF CONTRACTIONS:          368   (  368A   )
 NUMBER OF CORE ORBITALS:           6   (    6A   )
 NUMBER OF VALENCE ORBITALS:       28   (   28A   )


 NUCLEAR REPULSION ENERGY  243.77677851


 Eigenvalues of metric

         1 0.307E-04 0.351E-04 0.569E-04 0.598E-04 0.947E-04 0.113E-03 0.124E-03 0.167E-03


 Contracted 2-electron integrals neglected if value below      1.0D-12
 AO integral compression algorithm  1   Integral accuracy      1.0D-12

     10007.871 MB (compressed) written to integral file ( 49.3%)

     Node minimum: 2426.667 MB, node maximum: 2576.613 MB


 NUMBER OF SORTED TWO-ELECTRON INTEGRALS:  576267300.     BUFFER LENGTH:  32768
 NUMBER OF SEGMENTS:  19  SEGMENT LENGTH:   31999984      RECORD LENGTH: 524288

 Memory used in sort:      32.56 MW

 SORT1 READ  2539895038. AND WROTE   544974911. INTEGRALS IN   1571 RECORDS. CPU TIME:   122.97 SEC, REAL TIME:   134.50 SEC
 SORT2 READ  2180520808. AND WROTE  2304967356. INTEGRALS IN  38964 RECORDS. CPU TIME:    12.54 SEC, REAL TIME:    53.57 SEC

 Node minimum:   576216378.  Node maximum:   576267300. integrals

 OPERATOR DM      FOR CENTER  0  COORDINATES:    0.000000    0.000000    0.000000


 **********************************************************************************************************************************
 DATASETS  * FILE   NREC   LENGTH (MB)   RECORD NAMES
              1      18       35.11       500      610      700      900      950      970     1000      129      960     1100   
                                          VAR    BASINP    GEOM    SYMINP    ZMAT    AOBASIS   BASIS     P2S    ABASIS      S 
                                         1400     1410     1200     1210     1080     1600     1650     1700   
                                           T        V       H0       H01     AOSYM     SMH    MOLCAS    OPER   

 PROGRAMS   *        TOTAL       INT
 CPU TIMES  *       162.35    162.22
 REAL TIME  *       220.30 SEC
 DISK USED  *        35.64 MB (local),       36.19 GB (total)
 GA USED    *         0.00 MB       (max)       0.00 MB       (current)
 **********************************************************************************************************************************


 PROGRAM * RHF-SCF (CLOSED SHELL)       Authors: W. Meyer, H.-J. Werner


 NUMBER OF ELECTRONS:      24+   24-    SPACE SYMMETRY=1    SPIN SYMMETRY: Singlet 
 CONVERGENCE THRESHOLDS:    1.00E-06 (Density)    1.00E-07 (Energy)
 MAX. NUMBER OF ITERATIONS:       60
 INTERPOLATION TYPE:            DIIS
 INTERPOLATION STEPS:              2 (START)      1 (STEP)
 LEVEL SHIFTS:                  0.00 (CLOSED)  0.00 (OPEN) 



 Orbital guess generated from atomic densities. Full valence occupancy:   34

 Molecular orbital dump at record        2100.2

 Initial occupancy:  24

 ITERATION    DDIFF          GRAD             ENERGY        2-EL.EN.            DIPOLE MOMENTS         DIIS   ORB.
    1      0.000D+00      0.000D+00      -377.55415931    763.202153    0.00000    0.00000   -0.00000    0    start
    2      0.000D+00      0.447D-02      -377.63950730    760.782043    0.00000    0.00000   -0.00000    1    diag
    3      0.499D-02      0.272D-02      -377.68032992    762.877002    0.00000    0.00000   -0.00000    2    diag
    4      0.187D-02      0.341D-03      -377.68151156    762.437005    0.00000    0.00000   -0.00000    3    diag
    5      0.395D-03      0.875D-04      -377.68161386    762.585012    0.00000    0.00000   -0.00000    4    diag
    6      0.104D-03      0.250D-04      -377.68162585    762.562253    0.00000    0.00000   -0.00000    5    diag
    7      0.396D-04      0.648D-05      -377.68162667    762.567890    0.00000    0.00000   -0.00000    6    diag
    8      0.102D-04      0.197D-05      -377.68162674    762.567056    0.00000    0.00000   -0.00000    7    diag
    9      0.288D-05      0.554D-06      -377.68162675    762.567116    0.00000    0.00000   -0.00000    8    diag
   10      0.918D-06      0.746D-07      -377.68162675    762.567091    0.00000    0.00000   -0.00000    0    orth

 Final occupancy:  24

 !RHF STATE  1.1 Energy              -377.681626746381
 Nuclear energy                       243.77677851
 One-electron energy                -1002.74195080
 Two-electron energy                  381.28354554
 Virial quotient                       -1.00183092
 !RHF STATE  1.1 Dipole moment          0.00000056     0.00000009    -0.00000007
 Dipole moment /Debye                   0.00000142     0.00000023    -0.00000017

 Orbital energies:

         1.1          2.1          3.1          4.1          5.1          6.1          7.1          8.1          9.1         10.1
    -20.593451   -20.593426   -20.593415   -20.593391   -11.414180   -11.414178    -1.490248    -1.461096    -1.394051    -1.361346

        11.1         12.1         13.1         14.1         15.1         16.1         17.1         18.1         19.1         20.1
     -0.934399    -0.849692    -0.820225    -0.738734    -0.722868    -0.677331    -0.649949    -0.630254    -0.620379    -0.565221

        21.1         22.1         23.1         24.1         25.1         26.1
     -0.512298    -0.500310    -0.488926    -0.468062     0.029224     0.033776


 HOMO     24.1    -0.468062 =     -12.7366eV
 LUMO     25.1     0.029224 =       0.7952eV
 LUMO-HOMO         0.497287 =      13.5319eV


 **********************************************************************************************************************************
 DATASETS  * FILE   NREC   LENGTH (MB)   RECORD NAMES
              1      18       35.11       500      610      700      900      950      970     1000      129      960     1100   
                                          VAR    BASINP    GEOM    SYMINP    ZMAT    AOBASIS   BASIS     P2S    ABASIS      S 
                                         1400     1410     1200     1210     1080     1600     1650     1700   
                                           T        V       H0       H01     AOSYM     SMH    MOLCAS    OPER   

              2       4        5.67       700     1000      520     2100   
                                         GEOM     BASIS   MCVARS     RHF  

 PROGRAMS   *        TOTAL    HF-SCF       INT
 CPU TIMES  *       236.66     74.31    162.22
 REAL TIME  *       299.17 SEC
 DISK USED  *        50.11 MB (local),       36.24 GB (total)
 SF USED    *         0.54 MB
 GA USED    *         0.00 MB       (max)       0.00 MB       (current)
 **********************************************************************************************************************************


 PROGRAM * CCSD (Closed-shell coupled cluster)     Authors: C. Hampel, H.-J. Werner, 1991, M. Deegan, P.J. Knowles, 1992


 Convergence thresholds:  THRVAR = 1.00D-12  THRDEN = 1.00D-08

 CCSD(T)     terms to be evaluated (factor= 1.000)


 Using ITF CCSD(T) gradient implementation

 Number of core orbitals:           6 (   6 )
 Number of closed-shell orbitals:  18 (  18 )
 Number of external orbitals:     344 ( 344 )

 Molecular orbitals read from record     2100.2  Type=RHF/CANONICAL (state 1.1)

 Integral transformation finished. Total CPU: 128.17 sec, npass=  1  Memory used: 515.34 MW
 Time for re-packing tensors:             3.57 sec
  Reference energy:                  -377.681626746384

  MP2 correlation energy:              -1.307913120730
  MP2 total energy:                  -378.989539867114

 ITER.      SQ.NORM     CORR.ENERGY   TOTAL ENERGY   ENERGY CHANGE        DEN1      VAR(S)    VAR(P)  DIIS     TIME
   1      1.31791736    -1.30961428  -378.99124103    -0.00170116     0.03792331  1.21e-02  6.99e-03  1  1   147.73
   2      1.34566074    -1.30857921  -378.99020596     0.00103507    -0.03425574  1.96e-04  1.34e-03  2  2   295.54
   3      1.35274237    -1.30830307  -378.98992981     0.00027614    -0.00017818  6.56e-05  1.17e-04  3  3   442.20
   4      1.35853324    -1.30821664  -378.98984339     0.00008643    -0.00282737  2.47e-06  2.07e-05  4  4   590.12
   5      1.36059944    -1.30804081  -378.98966755     0.00017583    -0.00059905  1.72e-07  1.94e-06  5  5   741.03
   6      1.36121459    -1.30799787  -378.98962461     0.00004294    -0.00012994  4.61e-09  1.03e-07  6  0   884.18
   7      1.36128140    -1.30799066  -378.98961740     0.00000721    -0.00001123  4.70e-10  9.62e-09  6  1  1031.90
   8      1.36128680    -1.30799025  -378.98961700     0.00000040     0.00000082  3.47e-11  9.60e-10  6  2  1180.24
   9      1.36128767    -1.30799022  -378.98961697     0.00000003     0.00000007  2.54e-12  1.13e-10  6  3  1330.21
  10      1.36128710    -1.30799024  -378.98961698    -0.00000001     0.00000015  2.57e-13  9.13e-12  6  4  1481.42
  11      1.36128724    -1.30799023  -378.98961698     0.00000000     0.00000002  3.18e-14  8.00e-13        1626.89

 Norm of t1 vector:      0.15054787     S-energy:      0.00000014   T1 diagnostic:  0.01774224

 Time per iteration:                    147.91 sec

 RESULTS
 =======

  Reference energy:                  -377.681626746384
  CCSD correlation energy:             -1.307990234057
  CCSD total energy:                 -378.989616980441

  Triples (T) contribution:            -0.060071192945
  Total correlation energy:            -1.368061427001
  CCSD[T] total energy:              -379.053366514388
 !CCSD(T) total energy:              -379.049688173385

 Starting CP-CCSD(T) iterations.   Author: W. Gyorffy (2015)

         ITER.       NRM1          NRM2     VAR1+VAR2       CPU  DIIS
 iter.     1     0.01020589     1.52026318 4.01896089e-02    187.16  1  1
 iter.     2     0.01459591     1.45542321 2.61572264e-03    371.98  2  2
 iter.     3     0.01404975     1.47291459 7.90542029e-05    556.42  3  3
 iter.     4     0.01454965     1.47302792 1.21073718e-05    743.00  4  4
 iter.     5     0.01485553     1.47389069 1.90287158e-06    927.92  5  5
 iter.     6     0.01503004     1.47418978 2.41641480e-07   1116.33  6  0
 iter.     7     0.01510652     1.47433489 2.96494802e-08   1304.02  6  1
 iter.     8     0.01512923     1.47438504 3.33311303e-09   1491.45  6  2
 iter.     9     0.01513687     1.47440530 3.03900570e-10   1677.15  6  3
 iter.    10     0.01513883     1.47440872 3.94190244e-11   1864.17  6  4
 iter.    11     0.01513881     1.47440904 4.18546937e-12   2053.08  6  5
 iter.    12     0.01513899     1.47440915 4.73868538e-13   2238.65


 Time per iteration:                    186.55 sec


 Starting Coupled-perturbed Hartree-Fock, convergence threshold= 1.0D-06

 ITER   MIC  DIIS      VAR         VARC       CPU
   1     0     1    0.11D-01    0.26D-02     7.09
   2     3     2    0.39D-03    0.14D-03    14.34
   3     4     3    0.88D-05    0.25D-05    21.41
   4     3     4    0.99D-06    0.14D-06    28.44

 CPHF convergence reached in  4 macroiterations and   10 microiterations.   Accuracy: 9.8822D-07

 CPHF solution written to record  8500.2

 Dipole moments (unrelaxed):            0.00000051     0.00000008    -0.00000006
 Orbital relaxation contribution:       0.00000000     0.00000000    -0.00000000
 !CCSD(T) STATE  1.1 Dipole moment      0.00000051     0.00000008    -0.00000006
 Dipole moment /Debye                   0.00000131     0.00000021    -0.00000016

 CPU-time for coupled-perturbed hartree-fock:         28.45 sec

 Number of N-1 electron functions:              18
 Number of N-2 electron functions:             171
 Number of singly external CSFs:              6192
 Number of doubly external CSFs:          19173528
 Total number of CSFs:                    19179721

 CCSD(T) Gradient info saved on record        55555.1




 **********************************************************************************************************************************
 DATASETS  * FILE   NREC   LENGTH (MB)   RECORD NAMES
              1      20     5341.35       500      610      700      900      950      970     1000      129      960     1100   
                                          VAR    BASINP    GEOM    SYMINP    ZMAT    AOBASIS   BASIS     P2S    ABASIS      S 
                                         1400     1410     1200     1210     1080     1600     1650     1700     1380    55555   
                                           T        V       H0       H01     AOSYM     SMH    MOLCAS    OPER     JKOP    CCSD(T)    

              2       6     2950.02       700     1000      520     2100     3791     8500   
                                         GEOM     BASIS   MCVARS     RHF              CPHF   

 PROGRAMS   *        TOTAL   CCSD(T)    HF-SCF       INT
 CPU TIMES  *     57388.49  57151.83     74.31    162.22
 REAL TIME  *     57877.76 SEC
 DISK USED  *         8.29 GB (local),       69.21 GB (total)
 SF USED    *        63.80 GB
 GA USED    *         0.00 MB       (max)       0.00 MB       (current)
 **********************************************************************************************************************************


 PROGRAM * OPT (Geometry optimization)     Authors: F. Eckert and H.-J. Werner


 *** Long output written to logfile /scratch/kaeser/molprojob_37803985/opt_fad_ts_ccsdt.log ***


 Geometry optimization using default procedure for command CCSD(T)

 Geometry written to block  1 of record 700

 Generated  22 symmetrical displacements

 Numerically approximating hessian using forward gradient differences

 Task list generated. Total number of displacements:     22

    5 tasks completed, CPU=3d 12h 41m 15s Elapsed=6d 10h 37m 35s
   10 tasks completed, CPU=7d 2h 1m 5s Elapsed=12d 18h 9m 35s
   15 tasks completed, CPU=10d 15h 39m 18s Elapsed=19d 4h 34m 22s
   20 tasks completed, CPU=14d 3h 51m 7s Elapsed=25d 13h 6m 47s

 Numerical CCSD(T) hessian completed. CPU-time:********* sec, Elapsed:********* sec

 CCSD(T) hessian saved to record  5300.2

 Entering Rational Function Geometry Optimization

 ITER.   ENERGY(OLD)    ENERGY(NEW)      DE          GRADMAX     GRADNORM    GRADRMS     STEPMAX     STEPLEN     STEPRMS   CPU-time
   1  -379.04968817  -379.04687735     0.00281083  0.00068278  0.00081395  0.00003391  0.30000000  0.30000000  0.094868331354253.33
   2  -379.04687735  -379.04955624    -0.00267889  0.02762217  0.03863970  0.00160999  0.29692372  0.30000000  0.094868331413995.91
   3  -379.04955624  -379.04800307     0.00155317  0.00555076  0.00836162  0.00034840  0.25813729  0.30000000  0.094868331471801.68
   4  -379.04800307  -379.04950076    -0.00149769  0.01153339  0.02094534  0.00087272  0.24628068  0.30000000  0.094868331531555.18
   5  -379.04950076  -379.04857872     0.00092203  0.00791941  0.01018390  0.00042433  0.23923780  0.30000000  0.094868331590437.61
   6  -379.04857872  -379.04948362    -0.00090490  0.00755880  0.01651825  0.00068826  0.21986983  0.30000000  0.094868331650122.21
   7  -379.04948362  -379.04968733    -0.00020371  0.00659782  0.00988772  0.00041199  0.03740332  0.06579625  0.020806601709325.50
   8  -379.04968733  -379.04968950    -0.00000217  0.00047201  0.00102979  0.00004291  0.01980519  0.02547339  0.008055391768184.38
   9  -379.04968950  -379.04968947     0.00000003  0.00008502  0.00011844  0.00000493  0.00170602  0.00260215  0.000822871825408.51

 END OF GEOMETRY OPTIMIZATION.

 Current geometry (xyz format, in Angstrom)

   10
 CCSD(T)/AVTZ  ENERGY=-379.04968947
 C         -1.9590678185       -0.0311756446        0.1602090831
 H         -3.0369204210       -0.1771101582        0.2706926341
 O         -1.5186632351        0.0688185294       -1.0202953761
 O         -1.2818022120        0.0200936807        1.2261309431
 H         -0.3288025585        0.2284955341       -1.1100449662
 C          1.5316210952        0.4411768325       -0.1975834481
 H          2.6094803967        0.5870448584       -0.3080768783
 O          1.0911515641        0.3416322014        0.9829351967
 O          0.8544108652        0.3895102626       -1.2635212517
 H         -0.0986454627        0.1815898858        1.0726651900

 **********************************************************************************************************************************

 Geometry written to block  1 of record 700


 **********************************************************************************************************************************
 DATASETS  * FILE   NREC   LENGTH (MB)   RECORD NAMES
              1      20     5341.35       500      610      700      900      950      970     1000      129      960     1100   
                                          VAR    BASINP    GEOM    SYMINP    ZMAT    AOBASIS   BASIS     P2S    ABASIS      S 
                                         1400     1410     1200     1210     1080     1600     1650     1700     1380    55555   
                                           T        V       H0       H01     AOSYM     SMH    MOLCAS    OPER     JKOP    CCSD(T)    

              2      11    23075.70       700     1000      520     2100     3791     8500     5300     9001     5500     5300(1)
                                         GEOM     BASIS   MCVARS     RHF              CPHF     HESS    DEN_MP2   HINFO    HESS   
                                         9876   
                                         TGRAD   

 PROGRAMS   *        TOTAL      OPTG   CCSD(T)    HF-SCF       INT
 CPU TIMES  *   1882797.011825408.51  57151.83     74.31    162.22
 REAL TIME  *   3498131.56 SEC
 DISK USED  *        28.42 GB (local),      150.09 GB (total)
 SF USED    *       146.72 GB
 GA USED    *         0.00 MB       (max)       0.00 MB       (current)
 **********************************************************************************************************************************
 Molecular orbitals read from record     2100.2  Type=RHF/CANONICAL (state 1.1)
 Occupation numbers read from record     2100.2  Type=RHF/RHF (state 1.1)
 Orbital energies read from record       2100.2  Type=RHF/CANONICAL (state 1.1)
 Redundancy group numbers read from rec  2100.2  Type=RHF/RHF (state 1.1)

 CCSD(T)/aug-cc-pVTZ//CCSD(T)/aug-cc-pVTZ energy=   -379.049689472617

   OPTG(CCSD(T))         CCSD(T)          HF-SCF
   -379.04968947   -379.04968817   -377.68162675
 **********************************************************************************************************************************
 Molpro calculation terminated
